// Jest Snapshot v1, https://goo.gl/fbAQLP

exports[`user service create user should create user 2 1`] = `
Object {
  "age": 15,
  "email": "jane@example.com",
  "name": "Jane",
  "password": "1CubeIsCool!",
  "passwordConfirmation": "1CubeIsCool!",
}
`;
